Usage: netx [--json] [--quiet] <command> [subcommand] [options]

Global flags:
  --json    Machine-readable output where supported
  --quiet   Print only the primary value where supported

Core:
  netx doctor <host> [--port P] [--http] [--tls] [--raw]

DNS:
  netx dns resolve <name> [--type T] [--resolver IP]
  netx dns dump <name> [--full]
  netx dns compare <name> [--type T] [--resolver ip1,ip2,...]
  netx dns trace <name> [--type T]
  netx dns reverse <ip>
  netx dns whoami [--resolver IP]
  netx dns flush
  netx dns system
  netx dns hosts <host>

HTTP / Proxy:
  netx http get <url> [--headers] [--body] [--json] [--timeout N]
  netx http head <url> [--timeout N]
  netx http trace <url> [--timeout N]
  netx proxy env
  netx proxy test <url>

Sniff:
  netx sniff http <url> [curl-args...]
  netx sniff pkt <iface> [--count N] [--seconds N] [--write file.pcap] [--no-resolve] [--verbose] [--snaplen N] [--rotate MB] [--files N] [--promisc off] [-- <bpf-filter...>]

Benchmark (curl-only):
  netx bench http <url> [--requests N] [--concurrency N] [--timeout N]
  netx bench ping <host> [--count N]

TLS:
  netx tls info <host> [--port P]
  netx tls verify <host> [--port P] [--strict]
  netx tls chain <host> [--port P]

Ports / Connections:
  netx port ls [--listening] [--tcp] [--udp] [--process]
  netx port find <port> [--process]
  netx port check <host> <port> [--timeout N] [--udp]
  netx port scan <host> [--ports 80,443,3306]

  netx conn ls [--all] [--outbound] [--listening] [--suspicious-only]
  netx conn record [--interval N] [--duration N] [--out file]
  netx conn summary [--file file]

Outbound Guard:
  netx guard snapshot [--file path]
  netx guard diff [--file path]
  netx guard watch [--interval N] [--file path]
                    [--exclude-user list] [--exclude-port list]
                    [--exclude-cidr list] [--exec command [args...]]
                    # --exec is argv-only and must be the final option

Security / Suspicious Listeners:
  netx sec listeners [--exclude-user list] [--exclude-port list]

IP / Interfaces / Routes:
  netx ip info
  netx ip public [--ipv4] [--ipv6]
  netx if ls
  netx if stats <iface>
  netx route show
  netx route explain <host>

Watchers / Waiters:
  netx watch ping <host> [--interval N]
  netx watch http <url> [--interval N] [--expect-status CODE]
  netx wait port <host> <port> [--timeout N]

Stacks:
  netx stack check <name> [--config /custom/path]

Namespaces:
  netx ns ls
  netx ns inspect <ns>
  netx ns exec <ns> <cmd...>

Path / Firewall / Report:
  netx path trace <host> [--max-hops N]
  netx trace <host> [--max-hops N]
  netx fw summary
  netx fw list [--raw]
  netx report [--out file]

Security note: listener/outbound risk scoring is heuristic triage, not a security verdict.
