Usage: sqlitex [GLOBAL OPTIONS] COMMAND [OPTIONS]

Global Options:
  --db <file>                 SQLite database file (required)
  --env <env>                 Environment name (default: default)
  --migrations-path <path>    Migrations directory (default: ./migrations or ./migrations/<env> if exists)
  --seeds-path <path>         Seeds directory (default: ./seeds or ./seeds/<env> if exists)
  --backup-path <path>        Backup directory (default: ./db_backups)
  --export-path <path>        Export directory (default: ./exports)
  --busy-timeout <ms>         Set SQLite busy timeout for lock contention (default when enabled: 5000ms)
  --use-lock                  Deprecated alias for --busy-timeout 5000
  --dry-run                   Print SQL / actions for mutating operations without applying changes

Commands:
  create-db
  create-table     --table <name> --columns "<col_defs>"
  insert           --table <name> --values "<vals>"
  insert-batch     --file <sql_file>
  select           --table <name> [--where "<cond>"] [--export csv|json]
  update           --table <name> --set "<set>" --where "<cond>"
  delete           --table <name> --where "<cond>"
  schema           --table <name>
  migrate          [--rollback]
  migrate-create   <name> | --name <name>
  seed
  reset
  exec             [--sql "<statement>"] [--file <sql_file>]
  tables
  backup
  dump             [--file <dump.sql>]
  info
  doctor
  optimize
  export-all       [--format csv|json]
  explain          --sql "<query>"
  sample           --table <name> [--limit N]
  tune             [--profile dev|prod|safe]
